// Jest Snapshot v1, https://goo.gl/fbAQLP

exports[`<Main/> should render the heading 1`] = `
.c0 {
  background-color: #ffffff;
  color: #060920;
  width: 100%;
  height: 100%;
  padding: 3rem;
  display: -webkit-box;
  display: -webkit-flex;
  display: -ms-flexbox;
  display: flex;
  -webkit-flex-direction: column;
  -ms-flex-direction: column;
  flex-direction: column;
  text-align: center;
  -webkit-align-items: center;
  -webkit-box-align: center;
  -ms-flex-align: center;
  align-items: center;
  -webkit-box-pack: center;
  -webkit-justify-content: center;
  -ms-flex-pack: center;
  justify-content: center;
}

.c1 {
  width: 170px;
  height: 170px;
  margin-bottom: 2rem;
}

.c2 {
  font-size: 2.5rem;
}

.c3 {
  font-size: 2rem;
  font-weight: 400;
}

.c4 {
  width: 450px;
  height: 300px;
  margin-top: 2rem;
  width: -webkit-min-content(30rem,100%);
  width: -moz-min-content(30rem,100%);
  width: min-content(30rem,100%);
}

<main
  class="c0"
>
  <img
    alt="Logo do react"
    class="c1"
    src="/img/react-image.png"
  />
  <h1
    class="c2"
  >
     React Avan√ßado
  </h1>
  <h2
    class="c3"
  >
    Typescript, ReactJS, NextJS and Styled Components
  </h2>
  <img
    class="c4"
    src="/img/hero-illustration.png"
  />
</main>
`;
